// Jest Snapshot v1, https://goo.gl/fbAQLP

exports[`SliderLoading should match the snapshot 1`] = `
ShallowWrapper {
  Symbol(enzyme.__root__): [Circular],
  Symbol(enzyme.__unrendered__): <SliderLoading />,
  Symbol(enzyme.__renderer__): Object {
    "batchedUpdates": [Function],
    "getNode": [Function],
    "render": [Function],
    "simulateError": [Function],
    "simulateEvent": [Function],
    "unmount": [Function],
  },
  Symbol(enzyme.__node__): Object {
    "instance": null,
    "key": undefined,
    "nodeType": "host",
    "props": Object {
      "children": <h4
        className="slider-loading-text"
      >
        <span>
          <Loading
            className="slider-loading-spinner"
            color="#b7b7b7"
            delay={0}
            height={40}
            type="spokes"
            width={40}
          />
        </span>
      </h4>,
      "className": "slider-loading",
    },
    "ref": null,
    "rendered": Object {
      "instance": null,
      "key": undefined,
      "nodeType": "host",
      "props": Object {
        "children": Array [
          <span>
            <Loading
              className="slider-loading-spinner"
              color="#b7b7b7"
              delay={0}
              height={40}
              type="spokes"
              width={40}
            />
          </span>,
          undefined,
        ],
        "className": "slider-loading-text",
      },
      "ref": null,
      "rendered": Array [
        Object {
          "instance": null,
          "key": undefined,
          "nodeType": "host",
          "props": Object {
            "children": <Loading
              className="slider-loading-spinner"
              color="#b7b7b7"
              delay={0}
              height={40}
              type="spokes"
              width={40}
            />,
          },
          "ref": null,
          "rendered": Object {
            "instance": null,
            "key": undefined,
            "nodeType": "class",
            "props": Object {
              "className": "slider-loading-spinner",
              "color": "#b7b7b7",
              "delay": 0,
              "height": 40,
              "type": "spokes",
              "width": 40,
            },
            "ref": null,
            "rendered": null,
            "type": [Function],
          },
          "type": "span",
        },
        undefined,
      ],
      "type": "h4",
    },
    "type": "div",
  },
  Symbol(enzyme.__nodes__): Array [
    Object {
      "instance": null,
      "key": undefined,
      "nodeType": "host",
      "props": Object {
        "children": <h4
          className="slider-loading-text"
        >
          <span>
            <Loading
              className="slider-loading-spinner"
              color="#b7b7b7"
              delay={0}
              height={40}
              type="spokes"
              width={40}
            />
          </span>
        </h4>,
        "className": "slider-loading",
      },
      "ref": null,
      "rendered": Object {
        "instance": null,
        "key": undefined,
        "nodeType": "host",
        "props": Object {
          "children": Array [
            <span>
              <Loading
                className="slider-loading-spinner"
                color="#b7b7b7"
                delay={0}
                height={40}
                type="spokes"
                width={40}
              />
            </span>,
            undefined,
          ],
          "className": "slider-loading-text",
        },
        "ref": null,
        "rendered": Array [
          Object {
            "instance": null,
            "key": undefined,
            "nodeType": "host",
            "props": Object {
              "children": <Loading
                className="slider-loading-spinner"
                color="#b7b7b7"
                delay={0}
                height={40}
                type="spokes"
                width={40}
              />,
            },
            "ref": null,
            "rendered": Object {
              "instance": null,
              "key": undefined,
              "nodeType": "class",
              "props": Object {
                "className": "slider-loading-spinner",
                "color": "#b7b7b7",
                "delay": 0,
                "height": 40,
                "type": "spokes",
                "width": 40,
              },
              "ref": null,
              "rendered": null,
              "type": [Function],
            },
            "type": "span",
          },
          undefined,
        ],
        "type": "h4",
      },
      "type": "div",
    },
  ],
  Symbol(enzyme.__options__): Object {
    "adapter": ReactSixteenAdapter {
      "options": Object {
        "enableComponentDidUpdateOnSetState": true,
        "lifecycles": Object {
          "componentDidUpdate": Object {
            "onSetState": true,
          },
          "getDerivedStateFromProps": true,
          "getSnapshotBeforeUpdate": true,
          "setState": Object {
            "skipsComponentDidUpdateOnNullish": true,
          },
        },
      },
    },
  },
}
`;
