// Jest Snapshot v1, https://goo.gl/fbAQLP

exports[`CloudItem should match the snapshot 1`] = `
ShallowWrapper {
  Symbol(enzyme.__root__): [Circular],
  Symbol(enzyme.__unrendered__): <CloudItem
    instances={90}
    text="word"
  />,
  Symbol(enzyme.__renderer__): Object {
    "batchedUpdates": [Function],
    "getNode": [Function],
    "render": [Function],
    "simulateError": [Function],
    "simulateEvent": [Function],
    "unmount": [Function],
  },
  Symbol(enzyme.__node__): Object {
    "instance": null,
    "key": undefined,
    "nodeType": "host",
    "props": Object {
      "children": Array [
        <div>
          word
        </div>,
        <div
          className="tag-item-tooltip"
        >
          word
          : 
          90
        </div>,
      ],
      "className": "tag-item-wrapper",
      "instances": 90,
      "text": "word",
    },
    "ref": null,
    "rendered": Array [
      Object {
        "instance": null,
        "key": undefined,
        "nodeType": "host",
        "props": Object {
          "children": "word",
        },
        "ref": null,
        "rendered": "word",
        "type": "div",
      },
      Object {
        "instance": null,
        "key": undefined,
        "nodeType": "host",
        "props": Object {
          "children": Array [
            "word",
            ": ",
            90,
          ],
          "className": "tag-item-tooltip",
        },
        "ref": null,
        "rendered": Array [
          "word",
          ": ",
          90,
        ],
        "type": "div",
      },
    ],
    "type": "div",
  },
  Symbol(enzyme.__nodes__): Array [
    Object {
      "instance": null,
      "key": undefined,
      "nodeType": "host",
      "props": Object {
        "children": Array [
          <div>
            word
          </div>,
          <div
            className="tag-item-tooltip"
          >
            word
            : 
            90
          </div>,
        ],
        "className": "tag-item-wrapper",
        "instances": 90,
        "text": "word",
      },
      "ref": null,
      "rendered": Array [
        Object {
          "instance": null,
          "key": undefined,
          "nodeType": "host",
          "props": Object {
            "children": "word",
          },
          "ref": null,
          "rendered": "word",
          "type": "div",
        },
        Object {
          "instance": null,
          "key": undefined,
          "nodeType": "host",
          "props": Object {
            "children": Array [
              "word",
              ": ",
              90,
            ],
            "className": "tag-item-tooltip",
          },
          "ref": null,
          "rendered": Array [
            "word",
            ": ",
            90,
          ],
          "type": "div",
        },
      ],
      "type": "div",
    },
  ],
  Symbol(enzyme.__options__): Object {
    "adapter": ReactSixteenAdapter {
      "options": Object {
        "enableComponentDidUpdateOnSetState": true,
        "lifecycles": Object {
          "componentDidUpdate": Object {
            "onSetState": true,
          },
          "getDerivedStateFromProps": true,
          "getSnapshotBeforeUpdate": true,
          "setState": Object {
            "skipsComponentDidUpdateOnNullish": true,
          },
        },
      },
    },
  },
}
`;
